[mainchannelbrewing.com/index.html]
[backblue.gif]
[fade.gif]
[index.html]
[mainchannelbrewing.com/wp-content/uploads/2025/04/MC-Featured.jpg]
[mainchannelbrewing.com/wp-json/oembed/1.0/embed5ef4.json]
[mainchannelbrewing.com/wp-json/oembed/1.0/embedd8be]
[mainchannelbrewing.com/comments/feed/index.html]
[mainchannelbrewing.com/feed/index.html]
[mainchannelbrewing.com/wp-content/plugins/bold-page-builder/css/front_end/content_elements.crush42f0.css]
[mainchannelbrewing.com/wp-content/plugins/bold-page-builder/slick/slick42f0.css]
[mainchannelbrewing.com/wp-content/plugins/bt_cost_calculator/style459e.css]
[mainchannelbrewing.com/wp-content/plugins/contact-form-7/includes/css/styles1b46.css]
[mainchannelbrewing.com/wp-content/themes/craft-beer/style4d80.css]
[mainchannelbrewing.com/wp-content/themes/craft-beer/fonts/Basic/Basic.woff]
[mainchannelbrewing.com/wp-content/themes/craft-beer/fonts/Basic/Basic.ttf]
[mainchannelbrewing.com/wp-content/themes/craft-beer/fonts/Business/Business.woff]
[mainchannelbrewing.com/wp-content/themes/craft-beer/fonts/Business/Business.ttf]
[mainchannelbrewing.com/wp-content/themes/craft-beer/fonts/Construction/Construction.woff]
[mainchannelbrewing.com/wp-content/themes/craft-beer/fonts/Construction/Construction.ttf]
[mainchannelbrewing.com/wp-content/themes/craft-beer/fonts/Design/Design.woff]
[mainchannelbrewing.com/wp-content/themes/craft-beer/fonts/Design/Design.ttf]
[mainchannelbrewing.com/wp-content/themes/craft-beer/fonts/Development/Development.woff]
[mainchannelbrewing.com/wp-content/themes/craft-beer/fonts/Development/Development.ttf]
[mainchannelbrewing.com/wp-content/themes/craft-beer/fonts/Essential/Essential.woff]
[mainchannelbrewing.com/wp-content/themes/craft-beer/fonts/Essential/Essential.ttf]
[mainchannelbrewing.com/wp-content/themes/craft-beer/fonts/FontAwesome/FontAwesome.woff]
[mainchannelbrewing.com/wp-content/themes/craft-beer/fonts/FontAwesome/FontAwesome.ttf]
[mainchannelbrewing.com/wp-content/themes/craft-beer/fonts/FontAwesome5Brands/FontAwesome5Brands.woff]
[mainchannelbrewing.com/wp-content/themes/craft-beer/fonts/FontAwesome5Brands/FontAwesome5Brands.ttf]
[mainchannelbrewing.com/wp-content/themes/craft-beer/fonts/FontAwesome5Regular/FontAwesome5Regular.woff]
[mainchannelbrewing.com/wp-content/themes/craft-beer/fonts/FontAwesome5Regular/FontAwesome5Regular.ttf]
[mainchannelbrewing.com/wp-content/themes/craft-beer/fonts/FontAwesome5Solid/FontAwesome5Solid.woff]
[mainchannelbrewing.com/wp-content/themes/craft-beer/fonts/FontAwesome5Solid/FontAwesome5Solid.ttf]
[mainchannelbrewing.com/wp-content/themes/craft-beer/fonts/Icon7Stroke/Icon7Stroke.woff]
[mainchannelbrewing.com/wp-content/themes/craft-beer/fonts/Icon7Stroke/Icon7Stroke.ttf]
[mainchannelbrewing.com/wp-content/themes/craft-beer/fonts/Oktoberfest/Oktoberfest.woff]
[mainchannelbrewing.com/wp-content/themes/craft-beer/fonts/Oktoberfest/Oktoberfest.ttf]
[mainchannelbrewing.com/wp-content/themes/craft-beer/fonts/Productivity/Productivity.woff]
[mainchannelbrewing.com/wp-content/themes/craft-beer/fonts/Productivity/Productivity.ttf]
[mainchannelbrewing.com/wp-content/themes/craft-beer/fonts/Science/Science.woff]
[mainchannelbrewing.com/wp-content/themes/craft-beer/fonts/Science/Science.ttf]
[mainchannelbrewing.com/wp-content/themes/craft-beer/fonts/Transportation/Transportation.woff]
[mainchannelbrewing.com/wp-content/themes/craft-beer/fonts/Transportation/Transportation.ttf]
[mainchannelbrewing.com/wp-content/themes/craft-beer/print4d80.css]
[mainchannelbrewing.com/wp-content/themes/craft-beer/framework/css/style4d80.css]
[mainchannelbrewing.com/wp-includes/js/jquery/jquery.minf43b.js]
[mainchannelbrewing.com/wp-includes/js/jquery/jquery-migrate.min5589.js]
[mainchannelbrewing.com/wp-content/plugins/bold-page-builder/slick/slick.min42f0.js]
[mainchannelbrewing.com/wp-content/plugins/bold-page-builder/content_elements_misc/js/jquery.magnific-popup.min42f0.js]
[mainchannelbrewing.com/wp-content/plugins/bold-page-builder/content_elements_misc/js/content_elements42f0.js]
[mainchannelbrewing.com/wp-content/plugins/bt_cost_calculator/purify.min459e.js]
[mainchannelbrewing.com/wp-content/plugins/bt_cost_calculator/jquery.dd459e.js]
[mainchannelbrewing.com/wp-content/plugins/bt_cost_calculator/cc.main459e.js]
[mainchannelbrewing.com/wp-content/plugins/bt_cost_calculator/bold-builder-light/bt-bb-light4d80.js]
[mainchannelbrewing.com/wp-json/wp/v2/pages/564.json]
[mainchannelbrewing.com/wp-json/index.html]
[mainchannelbrewing.com/wp-content/uploads/2025/03/cropped-MC-FavIcon-1-32x32.png]
[mainchannelbrewing.com/wp-content/uploads/2025/03/cropped-MC-FavIcon-1-192x192.png]
[mainchannelbrewing.com/wp-content/uploads/2025/03/cropped-MC-FavIcon-1-180x180.png]
[mainchannelbrewing.com/wp-content/uploads/2025/01/logo-white.png]
[mainchannelbrewing.com/wp-content/uploads/2025/01/logo-black-5.png]
[mainchannelbrewing.com/about-us/index.html]
[mainchannelbrewing.com/about-us/our-team/index.html]
[mainchannelbrewing.com/https_/mainchannelbrewing.com/wp-content/uploads/2025/04/hero_home_beer_01.jpg]
[mainchannelbrewing.com/about-us/beer-menu/index.html]
[mainchannelbrewing.com/under-construction/index.html]
[mainchannelbrewing.com/about-us/contact/index.html]
[mainchannelbrewing.com/https_/mainchannelbrewing.com/wp-content/plugins/bold-page-builder/img/blank.gif]
[mainchannelbrewing.com/wp-content/uploads/2017/05/beer_transparent.png]
[mainchannelbrewing.com/https_/mainchannelbrewing.com/wp-content/uploads/2025/04/hero_home_beer_01-story-1.jpg]
[mainchannelbrewing.com/wp-content/uploads/2025/04/inner_3_bottles_horizontal_01.jpg]
[mainchannelbrewing.com/wp-content/uploads/2025/04/inner_3_bottles_horizontal_01-1.jpg]
[mainchannelbrewing.com/wp-content/uploads/2025/01/ingredients_transparent_01.png]
[mainchannelbrewing.com/wp-content/uploads/2017/05/ingredients_01.jpg]
[mainchannelbrewing.com/wp-content/uploads/2025/01/ingredients_transparent_02.png]
[mainchannelbrewing.com/wp-content/uploads/2025/04/ingredients_02.jpg]
[mainchannelbrewing.com/wp-content/uploads/2025/01/ingredients_transparent_03.png]
[mainchannelbrewing.com/wp-content/uploads/2025/04/ingredients_03.jpg]
[mainchannelbrewing.com/wp-content/uploads/2025/04/transparent_team_1.png]
[mainchannelbrewing.com/wp-content/uploads/2017/05/signature_01.png]
[mainchannelbrewing.com/wp-content/uploads/2026/01/IMG_3017-1.jpg]
[mainchannelbrewing.com/wp-content/uploads/2026/01/IMG_2980.jpg]
[mainchannelbrewing.com/wp-content/uploads/2025/04/brian.jpg]
[mainchannelbrewing.com/wp-content/uploads/2025/01/pin.png]
[mainchannelbrewing.com/wp-content/uploads/2025/07/GvilleTaproom.jpg]
[mainchannelbrewing.com/wp-content/uploads/2025/04/inner_2.jpg]
[mainchannelbrewing.com/https_/mainchannelbrewing.com/wp-content/uploads/2017/05/hero_inner_beer_03.jpg]
[mainchannelbrewing.com/wp-content/uploads/2025/01/logo-footer-white.png]
[mainchannelbrewing.com/wp-content/plugins/bold-page-builder/content_elements/bt_bb_section/bt_bb_elements42f0.js]
[mainchannelbrewing.com/wp-includes/js/dist/hooks.minaf5f.js]
[mainchannelbrewing.com/wp-includes/js/dist/i18n.min1cde.js]
[mainchannelbrewing.com/wp-content/plugins/contact-form-7/includes/swv/js/index1b46.js]
[mainchannelbrewing.com/wp-content/plugins/contact-form-7/includes/js/index1b46.js]
[mainchannelbrewing.com/wp-content/themes/craft-beer/js/misc4d80.js]
[mainchannelbrewing.com/wp-content/themes/craft-beer/framework/js/fancySelect4d80.js]
[mainchannelbrewing.com/wp-content/themes/craft-beer/framework/js/header.misc4d80.js]
[mainchannelbrewing.com/index.html]
[mainchannelbrewing.com/wp-content/themes/craft-beer/framework/js/misc4d80.js]
[mainchannelbrewing.com/wp-content/plugins/bold-page-builder/fonts/Pe-icon-7-strokebb1d.eot]
[mainchannelbrewing.com/wp-content/plugins/bold-page-builder/fonts/Pe-icon-7-stroked41d.eot]
[mainchannelbrewing.com/wp-content/plugins/bold-page-builder/fonts/Pe-icon-7-strokebb1d.woff]
[mainchannelbrewing.com/wp-content/plugins/bold-page-builder/fonts/Pe-icon-7-strokebb1d.ttf]
[mainchannelbrewing.com/wp-content/plugins/bold-page-builder/fonts/Pe-icon-7-strokebb1d.svg]
[mainchannelbrewing.com/wp-content/plugins/bold-page-builder/fonts/fontawesome-webfont5b62.eot]
[mainchannelbrewing.com/wp-content/plugins/bold-page-builder/fonts/fontawesome-webfontd41d.eot]
[mainchannelbrewing.com/wp-content/plugins/bold-page-builder/fonts/fontawesome-webfont5b62.woff2]
[mainchannelbrewing.com/wp-content/plugins/bold-page-builder/fonts/fontawesome-webfont5b62.woff]
[mainchannelbrewing.com/wp-content/plugins/bold-page-builder/fonts/fontawesome-webfont5b62.ttf]
[mainchannelbrewing.com/wp-content/plugins/bold-page-builder/fonts/fontawesome-webfont5b62.svg]
[mainchannelbrewing.com/wp-content/plugins/bold-page-builder/fonts/FontAwesome5Regulare209.ttf]
[mainchannelbrewing.com/wp-content/plugins/bold-page-builder/fonts/FontAwesome5Regulare209.woff2]
[mainchannelbrewing.com/wp-content/plugins/bold-page-builder/fonts/FontAwesome5Solide209.ttf]
[mainchannelbrewing.com/wp-content/plugins/bold-page-builder/fonts/FontAwesome5Solide209.woff2]
[mainchannelbrewing.com/wp-content/plugins/bold-page-builder/fonts/FontAwesome5Brandse209.ttf]
[mainchannelbrewing.com/wp-content/plugins/bold-page-builder/fonts/FontAwesome5Brandse209.woff2]
[mainchannelbrewing.com/wp-content/plugins/bold-page-builder/css/front_end/content_elements.crush42f0.css]
[mainchannelbrewing.com/wp-content/plugins/bold-page-builder/slick/slick42f0.css]
[mainchannelbrewing.com/wp-content/plugins/bt_cost_calculator/style459e.css]
[mainchannelbrewing.com/wp-content/plugins/contact-form-7/includes/css/styles1b46.css]
[mainchannelbrewing.com/wp-content/plugins/woocommerce/assets/images/icons/loader.svg]
[mainchannelbrewing.com/wp-content/plugins/woocommerce/assets/images/icons/credit-cards/visa.png]
[mainchannelbrewing.com/wp-content/plugins/woocommerce/assets/images/icons/credit-cards/mastercard.png]
[mainchannelbrewing.com/wp-content/plugins/woocommerce/assets/images/icons/credit-cards/laser.png]
[mainchannelbrewing.com/wp-content/plugins/woocommerce/assets/images/icons/credit-cards/diners.png]
[mainchannelbrewing.com/wp-content/plugins/woocommerce/assets/images/icons/credit-cards/maestro.png]
[mainchannelbrewing.com/wp-content/plugins/woocommerce/assets/images/icons/credit-cards/jcb.png]
[mainchannelbrewing.com/wp-content/plugins/woocommerce/assets/images/icons/credit-cards/amex.png]
[mainchannelbrewing.com/wp-content/plugins/woocommerce/assets/images/icons/credit-cards/discover.png]
[mainchannelbrewing.com/wp-content/plugins/woocommerce/assets/fonts/star.eot]
[mainchannelbrewing.com/wp-content/plugins/woocommerce/assets/fonts/stard41d.eot]
[mainchannelbrewing.com/wp-content/plugins/woocommerce/assets/fonts/star.woff]
[mainchannelbrewing.com/wp-content/plugins/woocommerce/assets/fonts/star.ttf]
[mainchannelbrewing.com/wp-content/plugins/woocommerce/assets/fonts/star.svg]
[mainchannelbrewing.com/wp-content/plugins/woocommerce/assets/fonts/WooCommerce.eot]
[mainchannelbrewing.com/wp-content/plugins/woocommerce/assets/fonts/WooCommerced41d.eot]
[mainchannelbrewing.com/wp-content/plugins/woocommerce/assets/fonts/WooCommerce.woff]
[mainchannelbrewing.com/wp-content/plugins/woocommerce/assets/fonts/WooCommerce.ttf]
[mainchannelbrewing.com/wp-content/plugins/woocommerce/assets/fonts/WooCommerce.svg]
[mainchannelbrewing.com/wp-content/themes/craft-beer/style4d80.css]
[mainchannelbrewing.com/wp-content/themes/craft-beer/fonts/Basic/Basic.html]
[mainchannelbrewing.com/wp-content/themes/craft-beer/print4d80.css]
[mainchannelbrewing.com/wp-content/themes/craft-beer/framework/css/style4d80.css]
[mainchannelbrewing.com/wp-json/oembed/1.0/embedb1ef.json]
[mainchannelbrewing.com/wp-json/oembed/1.0/embed23ea]
[mainchannelbrewing.com/wp-json/wp/v2/pages/15.json]
[mainchannelbrewing.com/about-us/https_/mainchannelbrewing.com/wp-content/uploads/2025/04/hero_inner_beer_01.jpg]
[mainchannelbrewing.com/wp-content/uploads/2017/05/inner_vertical_01.jpg]
[mainchannelbrewing.com/wp-content/uploads/2025/04/inner_vertical_transparent_01.png]
[mainchannelbrewing.com/wp-content/uploads/2025/04/inner_vertical_02.jpg]
[mainchannelbrewing.com/wp-content/uploads/2025/04/inner_vertical_transparent_02.png]
[mainchannelbrewing.com/about-us/https_/mainchannelbrewing.com/wp-content/uploads/2017/05/hero_inner_beer_03.jpg]
[mainchannelbrewing.com/about-us/index.html]
[mainchannelbrewing.com/wp-content/uploads/2025/04/hero_inner_beer_01.jpg]
[mainchannelbrewing.com/wp-json/oembed/1.0/embed42b6.json]
[mainchannelbrewing.com/wp-json/oembed/1.0/embed8e8c]
[mainchannelbrewing.com/wp-json/wp/v2/pages/86.json]
[mainchannelbrewing.com/about-us/our-team/https_/mainchannelbrewing.com/wp-content/uploads/2025/04/hero_inner_beer_01.jpg]
[mainchannelbrewing.com/wp-content/uploads/2025/04/transparent_team_1-1.png]
[mainchannelbrewing.com/wp-content/uploads/2025/04/tyke.jpg]
[mainchannelbrewing.com/wp-content/uploads/2026/01/IMG_3018.jpg]
[mainchannelbrewing.com/wp-content/uploads/2026/01/IMG_1459.jpg]
[mainchannelbrewing.com/wp-content/uploads/2025/04/Staff-Female.png]
[mainchannelbrewing.com/wp-content/uploads/2025/04/LeightEllen.jpg]
[mainchannelbrewing.com/about-us/testimonials/index.html]
[mainchannelbrewing.com/about-us/our-team/https_/mainchannelbrewing.com/wp-content/uploads/2017/05/hero_inner_beer_03.jpg]
[mainchannelbrewing.com/about-us/our-team/index.html]
[mainchannelbrewing.com/wp-json/oembed/1.0/embed0c69.json]
[mainchannelbrewing.com/wp-json/oembed/1.0/embede854]
[mainchannelbrewing.com/wp-json/wp/v2/pages/815.json]
[mainchannelbrewing.com/about-us/beer-menu/https_/mainchannelbrewing.com/wp-content/uploads/2017/05/hero_menu_background_01.jpg]
[mainchannelbrewing.com/wp-content/uploads/2017/05/beer_glass_transparent_01.png]
[mainchannelbrewing.com/wp-content/uploads/2025/04/beer_menu_01-1.png]
[mainchannelbrewing.com/wp-content/uploads/2017/05/beer_menu_02.png]
[mainchannelbrewing.com/wp-content/uploads/2017/05/beer_menu_03.png]
[mainchannelbrewing.com/wp-content/uploads/2017/05/beer_menu_04.png]
[mainchannelbrewing.com/wp-content/uploads/2017/05/beer_menu_05.png]
[mainchannelbrewing.com/wp-content/uploads/2017/05/beer_menu_06.png]
[mainchannelbrewing.com/about-us/beer-menu/https_/mainchannelbrewing.com/wp-content/uploads/2025/04/hero_home_beer_01-story-1.jpg]
[mainchannelbrewing.com/about-us/beer-menu/https_/mainchannelbrewing.com/wp-content/uploads/2017/05/hero_inner_beer_03.jpg]
[mainchannelbrewing.com/about-us/beer-menu/index.html]
[mainchannelbrewing.com/wp-json/oembed/1.0/embedbe25.json]
[mainchannelbrewing.com/wp-json/oembed/1.0/embede57c]
[mainchannelbrewing.com/wp-json/wp/v2/pages/940.json]
[mainchannelbrewing.com/under-construction/https_/mainchannelbrewing.com/wp-content/uploads/2017/05/hero_menu_background_01.jpg]
[mainchannelbrewing.com/wp-content/uploads/2025/04/logo-white.png]
[mainchannelbrewing.com/under-construction/https_/mainchannelbrewing.com/wp-content/uploads/2017/05/hero_inner_beer_03.jpg]
[mainchannelbrewing.com/under-construction/index.html]
[mainchannelbrewing.com/wp-json/oembed/1.0/embed0dfc.json]
[mainchannelbrewing.com/wp-json/oembed/1.0/embed6709]
[mainchannelbrewing.com/wp-json/wp/v2/pages/17.json]
[mainchannelbrewing.com/about-us/contact/https_/mainchannelbrewing.com/wp-content/uploads/2017/05/hero_inner_team.jpg]
[mainchannelbrewing.com/wp-content/uploads/2025/04/MCGIF-ezgif.com-video-to-gif-converter-2.gif]
[mainchannelbrewing.com/about-us/contact/https_/mainchannelbrewing.com/wp-content/uploads/2017/05/hero_inner_beer_03.jpg]
[mainchannelbrewing.com/about-us/contact/index.html]
[mainchannelbrewing.com/https_/mainchannelbrewing.com/wp-content/uploads/2025/04/hero_home_beer_01.html]
[mainchannelbrewing.com/https_/mainchannelbrewing.com/wp-content/plugins/bold-page-builder/img/blank.html]
[mainchannelbrewing.com/https_/mainchannelbrewing.com/wp-content/uploads/2025/04/hero_home_beer_01-story-1.html]
[mainchannelbrewing.com/https_/mainchannelbrewing.com/wp-content/uploads/2017/05/hero_inner_beer_03.html]
[mainchannelbrewing.com/wp-admin/admin-ajax.html]
[mainchannelbrewing.com/wp-content/plugins/bold-page-builder/fonts/Pe-icon-7-strokebb1d.svg]
[mainchannelbrewing.com/wp-content/plugins/bold-page-builder/fonts/fontawesome-webfont5b62.svg]
[mainchannelbrewing.com/wp-content/plugins/bold-page-builder/fonts/FontAwesome5Regulare209.html]
[mainchannelbrewing.com/wp-content/plugins/bold-page-builder/fonts/FontAwesome5Solide209.html]
[mainchannelbrewing.com/wp-content/plugins/woocommerce/assets/images/icons/loader.html]
[mainchannelbrewing.com/wp-content/plugins/woocommerce/assets/images/icons/credit-cards/visa.html]
[mainchannelbrewing.com/wp-content/plugins/woocommerce/assets/images/icons/credit-cards/mastercard.html]
[mainchannelbrewing.com/wp-content/plugins/woocommerce/assets/images/icons/credit-cards/laser.html]
[mainchannelbrewing.com/wp-content/plugins/woocommerce/assets/images/icons/credit-cards/diners.html]
[mainchannelbrewing.com/wp-content/plugins/woocommerce/assets/images/icons/credit-cards/maestro.html]
[mainchannelbrewing.com/wp-content/plugins/woocommerce/assets/images/icons/credit-cards/jcb.html]
[mainchannelbrewing.com/wp-content/plugins/woocommerce/assets/images/icons/credit-cards/amex.html]
[mainchannelbrewing.com/wp-content/plugins/woocommerce/assets/images/icons/credit-cards/discover.html]
[mainchannelbrewing.com/wp-content/plugins/woocommerce/assets/fonts/star.html]
[mainchannelbrewing.com/wp-content/plugins/woocommerce/assets/fonts/stard41d.html]
[mainchannelbrewing.com/wp-content/plugins/woocommerce/assets/fonts/star-2.html]
[mainchannelbrewing.com/wp-content/plugins/woocommerce/assets/fonts/star-3.html]
[mainchannelbrewing.com/wp-content/plugins/woocommerce/assets/fonts/star-4.html]
[mainchannelbrewing.com/wp-content/plugins/woocommerce/assets/fonts/WooCommerce.html]
[mainchannelbrewing.com/wp-content/plugins/woocommerce/assets/fonts/WooCommerced41d.html]
[mainchannelbrewing.com/wp-content/plugins/woocommerce/assets/fonts/WooCommerce-2.html]
[mainchannelbrewing.com/wp-content/plugins/woocommerce/assets/fonts/WooCommerce-3.html]
[mainchannelbrewing.com/wp-content/plugins/woocommerce/assets/fonts/WooCommerce-4.html]
[mainchannelbrewing.com/indexa1ca.html]
[mainchannelbrewing.com/about-us/https_/mainchannelbrewing.com/wp-content/uploads/2025/04/hero_inner_beer_01.html]
[mainchannelbrewing.com/about-us/https_/mainchannelbrewing.com/wp-content/uploads/2017/05/hero_inner_beer_03.html]
[mainchannelbrewing.com/index6213.html]
[mainchannelbrewing.com/about-us/our-team/https_/mainchannelbrewing.com/wp-content/uploads/2025/04/hero_inner_beer_01.html]
[mainchannelbrewing.com/wp-json/oembed/1.0/embed08da.json]
[mainchannelbrewing.com/wp-json/oembed/1.0/embedfc9f]
[mainchannelbrewing.com/wp-json/wp/v2/pages/322.json]
[mainchannelbrewing.com/wp-content/uploads/2017/05/logo-black.png]
[mainchannelbrewing.com/about-us/testimonials/https_/mainchannelbrewing.com/wp-content/uploads/2017/05/hero_inner_beer_05.jpg]
[mainchannelbrewing.com/wp-content/uploads/2017/05/testimonials_01.jpg]
[mainchannelbrewing.com/wp-content/uploads/2017/05/testimonials_02.jpg]
[mainchannelbrewing.com/wp-content/uploads/2017/05/testimonials_03.jpg]
[mainchannelbrewing.com/wp-content/uploads/2017/05/testimonials_04.jpg]
[mainchannelbrewing.com/wp-content/uploads/2017/05/testimonials_05.jpg]
[mainchannelbrewing.com/wp-content/uploads/2017/05/testimonials_06.jpg]
[mainchannelbrewing.com/wp-content/uploads/2017/05/beer_highlight_01.png]
[mainchannelbrewing.com/wp-content/uploads/2017/05/beer_highlight_02.png]
[mainchannelbrewing.com/about-us/about-the-beer/index.html]
[mainchannelbrewing.com/wp-content/uploads/2017/05/beer_highlight_03.png]
[mainchannelbrewing.com/wp-content/uploads/2017/05/beer_highlight_04.png]
[mainchannelbrewing.com/wp-content/uploads/2017/05/beer_highlight_05.png]
[mainchannelbrewing.com/wp-content/uploads/2017/05/beer_highlight_06.png]
[mainchannelbrewing.com/wp-content/uploads/2017/05/beer_highlight_07.png]
[mainchannelbrewing.com/about-us/testimonials/https_/mainchannelbrewing.com/wp-content/uploads/2017/05/hero_testimonials.jpg]
[mainchannelbrewing.com/wp-content/uploads/2017/05/signature_03.png]
[mainchannelbrewing.com/wp-content/uploads/2017/05/inner_horizontal_footer_clear_01.jpg]
[mainchannelbrewing.com/about-us/testimonials/index.html]
[mainchannelbrewing.com/about-us/our-team/https_/mainchannelbrewing.com/wp-content/uploads/2017/05/hero_inner_beer_03.html]
[mainchannelbrewing.com/indexe398.html]
[mainchannelbrewing.com/about-us/beer-menu/https_/mainchannelbrewing.com/wp-content/uploads/2017/05/hero_menu_background_01.html]
[mainchannelbrewing.com/about-us/beer-menu/https_/mainchannelbrewing.com/wp-content/uploads/2025/04/hero_home_beer_01-story-1.html]
[mainchannelbrewing.com/about-us/beer-menu/https_/mainchannelbrewing.com/wp-content/uploads/2017/05/hero_inner_beer_03.html]
[mainchannelbrewing.com/indexb253.html]
[mainchannelbrewing.com/under-construction/https_/mainchannelbrewing.com/wp-content/uploads/2017/05/hero_menu_background_01.html]
[mainchannelbrewing.com/under-construction/https_/mainchannelbrewing.com/wp-content/uploads/2017/05/hero_inner_beer_03.html]
[mainchannelbrewing.com/indexd8eb.html]
[mainchannelbrewing.com/about-us/contact/https_/mainchannelbrewing.com/wp-content/uploads/2017/05/hero_inner_team.html]
[mainchannelbrewing.com/about-us/contact/https_/mainchannelbrewing.com/wp-content/uploads/2017/05/hero_inner_beer_03.html]
[mainchannelbrewing.com/xmlrpc0db0.php]
[mainchannelbrewing.com/indexeffc.html]
[mainchannelbrewing.com/about-us/testimonials/https_/mainchannelbrewing.com/wp-content/uploads/2017/05/hero_inner_beer_05.html]
[mainchannelbrewing.com/wp-json/oembed/1.0/embed05b2.json]
[mainchannelbrewing.com/wp-json/oembed/1.0/embed57da]
[mainchannelbrewing.com/wp-json/wp/v2/pages/335.json]
[mainchannelbrewing.com/about-us/about-the-beer/https_/mainchannelbrewing.com/wp-content/uploads/2017/05/hero_inner_beer_01.jpg]
[mainchannelbrewing.com/wp-content/uploads/2017/05/ingredients_transparent_01.png]
[mainchannelbrewing.com/wp-content/uploads/2017/05/ingredients_transparent_02.png]
[mainchannelbrewing.com/about-us/our-process/index.html]
[mainchannelbrewing.com/wp-content/uploads/2017/05/ingredients_02.jpg]
[mainchannelbrewing.com/wp-content/uploads/2017/05/ingredients_transparent_03.png]
[mainchannelbrewing.com/wp-content/uploads/2017/05/ingredients_03.jpg]
[mainchannelbrewing.com/wp-content/uploads/2017/05/team_1.jpg]
[mainchannelbrewing.com/wp-content/uploads/2017/05/team_2.jpg]
[mainchannelbrewing.com/wp-content/uploads/2017/05/team_3.jpg]
[mainchannelbrewing.com/wp-content/uploads/2017/05/inner_bottle_horizontal_01.jpg]
[mainchannelbrewing.com/wp-content/uploads/2017/05/inner_bottle_horizontal_02.jpg]
[mainchannelbrewing.com/wp-content/uploads/2017/05/inner_bottle_horizontal_03.jpg]
[mainchannelbrewing.com/about-us/about-the-beer/https_/mainchannelbrewing.com/wp-content/uploads/2017/05/hero_inner_beer_03.jpg]
[mainchannelbrewing.com/about-us/about-the-beer/index.html]
[mainchannelbrewing.com/about-us/testimonials/https_/mainchannelbrewing.com/wp-content/uploads/2017/05/hero_testimonials.html]
[mainchannelbrewing.com/wp-content/themes/craft-beer/index.html]
[mainchannelbrewing.com/index5294.html]
[mainchannelbrewing.com/about-us/about-the-beer/https_/mainchannelbrewing.com/wp-content/uploads/2017/05/hero_inner_beer_01.html]
[mainchannelbrewing.com/wp-json/oembed/1.0/embed654c.json]
[mainchannelbrewing.com/wp-json/oembed/1.0/embed171a]
[mainchannelbrewing.com/wp-json/wp/v2/pages/351.json]
[mainchannelbrewing.com/about-us/our-process/https_/mainchannelbrewing.com/wp-content/uploads/2017/05/hero_inner_beer_02-scaled-1.jpg]
[mainchannelbrewing.com/wp-content/uploads/2017/05/team_hero_1.jpg]
[mainchannelbrewing.com/wp-content/uploads/2017/05/beer_transparent_03.png]
[mainchannelbrewing.com/wp-content/uploads/2017/05/beer_transparent_02.png]
[mainchannelbrewing.com/wp-content/uploads/2017/05/beer_transparent_01.png]
[mainchannelbrewing.com/about-us/our-process/https_/mainchannelbrewing.com/wp-content/uploads/2025/04/hero_newsletter-1.jpg]
[mainchannelbrewing.com/about-us/our-process/https_/mainchannelbrewing.com/wp-content/uploads/2017/05/hero_inner_beer_03.jpg]
[mainchannelbrewing.com/about-us/our-process/index.html]
[mainchannelbrewing.com/about-us/about-the-beer/https_/mainchannelbrewing.com/wp-content/uploads/2017/05/hero_inner_beer_03.html]
[mainchannelbrewing.com/indexec81.html]
[mainchannelbrewing.com/about-us/our-process/https_/mainchannelbrewing.com/wp-content/uploads/2017/05/hero_inner_beer_02-scaled-1.html]
[mainchannelbrewing.com/about-us/our-process/https_/mainchannelbrewing.com/wp-content/uploads/2025/04/hero_newsletter-1.html]
[mainchannelbrewing.com/about-us/our-process/https_/mainchannelbrewing.com/wp-content/uploads/2017/05/hero_inner_beer_03.html]
